../Core/Src/main.c:95:8:LD3_On	16	static
../Core/Src/main.c:83:5:main	64	static
../Core/Src/main.c:100:8:LD3_Off	16	static
../Core/Src/main.c:192:6:SystemClock_Config	88	static
../Core/Src/main.c:238:13:MX_ADC1_Init	24	static
../Core/Src/main.c:290:13:MX_ADC2_Init	24	static
../Core/Src/main.c:342:13:MX_ADC3_Init	24	static
../Core/Src/main.c:394:13:MX_UART5_Init	8	static
../Core/Src/main.c:425:13:MX_DMA_Init	16	static
../Core/Src/main.c:449:13:MX_GPIO_Init	56	static
../Core/Src/main.c:485:6:Error_Handler	4	static,ignoring_inline_asm
